<?xml version="1.0" encoding="utf-8"?><testsuites name="pytest tests"><testsuite name="pytest" errors="0" failures="0" skipped="0" tests="69" time="1.668" timestamp="2026-01-16T23:57:41.963963-05:00" hostname="OHIT-QFM24323HJ"><testcase classname="tests.integration.test_feature_integration.TestSessionOpening" name="test_system_prompt_construction" time="0.016" /><testcase classname="tests.integration.test_feature_integration.TestSessionOpening" name="test_temporal_context" time="0.005" /><testcase classname="tests.integration.test_feature_integration.TestDataPulling" name="test_workos_context_fetching" time="0.006" /><testcase classname="tests.integration.test_feature_integration.TestDataPulling" name="test_calendar_context_fetching" time="0.007" /><testcase classname="tests.integration.test_feature_integration.TestMCPCaching" name="test_workos_caching" time="0.005" /><testcase classname="tests.integration.test_feature_integration.TestMCPCaching" name="test_calendar_caching" time="0.006" /><testcase classname="tests.unit.test_thanos_orchestrator.TestOpsAgentRouting" name="test_high_priority_keywords" time="0.430" /><testcase classname="tests.unit.test_thanos_orchestrator.TestOpsAgentRouting" name="test_medium_priority_keywords" time="0.009" /><testcase classname="tests.unit.test_thanos_orchestrator.TestOpsAgentRouting" name="test_low_priority_keywords" time="0.009" /><testcase classname="tests.unit.test_thanos_orchestrator.TestOpsAgentRouting" name="test_multi_word_phrases" time="0.009" /><testcase classname="tests.unit.test_thanos_orchestrator.TestCoachAgentRouting" name="test_high_priority_keywords" time="0.010" /><testcase classname="tests.unit.test_thanos_orchestrator.TestCoachAgentRouting" name="test_medium_priority_keywords" time="0.007" /><testcase classname="tests.unit.test_thanos_orchestrator.TestCoachAgentRouting" name="test_low_priority_keywords" time="0.012" /><testcase classname="tests.unit.test_thanos_orchestrator.TestStrategyAgentRouting" name="test_high_priority_keywords" time="0.006" /><testcase classname="tests.unit.test_thanos_orchestrator.TestStrategyAgentRouting" name="test_medium_priority_keywords" time="0.012" /><testcase classname="tests.unit.test_thanos_orchestrator.TestStrategyAgentRouting" name="test_low_priority_keywords" time="0.010" /><testcase classname="tests.unit.test_thanos_orchestrator.TestHealthAgentRouting" name="test_high_priority_keywords" time="0.007" /><testcase classname="tests.unit.test_thanos_orchestrator.TestHealthAgentRouting" name="test_medium_priority_keywords" time="0.014" /><testcase classname="tests.unit.test_thanos_orchestrator.TestHealthAgentRouting" name="test_low_priority_keywords" time="0.008" /><testcase classname="tests.unit.test_thanos_orchestrator.TestEdgeCases" name="test_empty_message" time="0.008" /><testcase classname="tests.unit.test_thanos_orchestrator.TestEdgeCases" name="test_whitespace_only" time="0.009" /><testcase classname="tests.unit.test_thanos_orchestrator.TestEdgeCases" name="test_special_characters" time="0.007" /><testcase classname="tests.unit.test_thanos_orchestrator.TestEdgeCases" name="test_very_long_message" time="0.006" /><testcase classname="tests.unit.test_thanos_orchestrator.TestEdgeCases" name="test_case_insensitivity" time="0.006" /><testcase classname="tests.unit.test_thanos_orchestrator.TestEdgeCases" name="test_no_keyword_match_defaults_to_ops" time="0.005" /><testcase classname="tests.unit.test_thanos_orchestrator.TestMultiKeywordScenarios" name="test_ops_keywords_win_with_higher_count" time="0.005" /><testcase classname="tests.unit.test_thanos_orchestrator.TestMultiKeywordScenarios" name="test_high_priority_beats_multiple_low_priority" time="0.005" /><testcase classname="tests.unit.test_thanos_orchestrator.TestMultiKeywordScenarios" name="test_combined_score_wins" time="0.006" /><testcase classname="tests.unit.test_thanos_orchestrator.TestMultiKeywordScenarios" name="test_strategy_wins_with_strong_keywords" time="0.007" /><testcase classname="tests.unit.test_thanos_orchestrator.TestFallbackBehavior" name="test_what_should_pattern_routes_to_ops" time="0.008" /><testcase classname="tests.unit.test_thanos_orchestrator.TestFallbackBehavior" name="test_help_me_pattern_routes_to_ops" time="0.010" /><testcase classname="tests.unit.test_thanos_orchestrator.TestFallbackBehavior" name="test_should_i_pattern_routes_to_strategy" time="0.007" /><testcase classname="tests.unit.test_thanos_orchestrator.TestFallbackBehavior" name="test_is_it_worth_pattern_routes_to_strategy" time="0.007" /><testcase classname="tests.unit.test_thanos_orchestrator.TestFallbackBehavior" name="test_default_fallback_is_ops" time="0.007" /><testcase classname="tests.unit.test_thanos_orchestrator.TestWordBoundaryMatching" name="test_task_not_in_multitask" time="0.011" /><testcase classname="tests.unit.test_thanos_orchestrator.TestWordBoundaryMatching" name="test_focus_not_in_refocus" time="0.006" /><testcase classname="tests.unit.test_thanos_orchestrator.TestWordBoundaryMatching" name="test_standalone_keywords_match" time="0.009" /><testcase classname="tests.unit.test_thanos_orchestrator.TestTriggerPhrases" name="test_agent_triggers_loaded" time="0.006" /><testcase classname="tests.unit.test_thanos_orchestrator.TestTriggerPhrases" name="test_trigger_phrase_gets_highest_weight" time="0.008" /><testcase classname="tests.unit.test_thanos_orchestrator.TestBackwardCompatibility" name="test_common_ops_scenarios" time="0.007" /><testcase classname="tests.unit.test_thanos_orchestrator.TestBackwardCompatibility" name="test_common_coach_scenarios" time="0.010" /><testcase classname="tests.unit.test_thanos_orchestrator.TestBackwardCompatibility" name="test_common_strategy_scenarios" time="0.008" /><testcase classname="tests.unit.test_thanos_orchestrator.TestBackwardCompatibility" name="test_common_health_scenarios" time="0.009" /><testcase classname="tests.unit.test_thanos_orchestrator.TestPerformanceCharacteristics" name="test_intent_matcher_is_cached" time="0.007" /><testcase classname="tests.unit.test_thanos_orchestrator.TestPerformanceCharacteristics" name="test_patterns_are_precompiled" time="0.009" /><testcase classname="tests.unit.test_thanos_orchestrator.TestPerformanceCharacteristics" name="test_find_agent_uses_matcher" time="0.006" /><testcase classname="tests.unit.test_thanos_orchestrator.TestRealWorldMessages" name="test_morning_check_in" time="0.006" /><testcase classname="tests.unit.test_thanos_orchestrator.TestRealWorldMessages" name="test_habit_struggle" time="0.011" /><testcase classname="tests.unit.test_thanos_orchestrator.TestRealWorldMessages" name="test_business_decision" time="0.007" /><testcase classname="tests.unit.test_thanos_orchestrator.TestRealWorldMessages" name="test_energy_crash" time="0.007" /><testcase classname="tests.unit.test_thanos_orchestrator.TestRealWorldMessages" name="test_overwhelm_with_context" time="0.005" /><testcase classname="tests.unit.test_thanos_orchestrator.TestRealWorldMessages" name="test_procrastination_pattern" time="0.007" /><testcase classname="tests.unit.test_thanos_orchestrator.TestSpinnerIntegration" name="test_spinner_module_imports_correctly" time="0.000" /><testcase classname="tests.unit.test_thanos_orchestrator.TestSpinnerIntegration" name="test_command_spinner_factory" time="0.000" /><testcase classname="tests.unit.test_thanos_orchestrator.TestSpinnerIntegration" name="test_chat_spinner_factory_without_agent" time="0.000" /><testcase classname="tests.unit.test_thanos_orchestrator.TestSpinnerIntegration" name="test_chat_spinner_factory_with_agent" time="0.000" /><testcase classname="tests.unit.test_thanos_orchestrator.TestSpinnerIntegration" name="test_spinner_context_manager_protocol" time="0.000" /><testcase classname="tests.unit.test_thanos_orchestrator.TestSpinnerIntegration" name="test_spinner_manual_control_methods" time="0.000" /><testcase classname="tests.unit.test_thanos_orchestrator.TestSpinnerIntegration" name="test_run_command_uses_spinner[True]" time="0.013" /><testcase classname="tests.unit.test_thanos_orchestrator.TestSpinnerIntegration" name="test_run_command_uses_spinner[False]" time="0.011" /><testcase classname="tests.unit.test_thanos_orchestrator.TestSpinnerIntegration" name="test_chat_uses_spinner[True]" time="0.012" /><testcase classname="tests.unit.test_thanos_orchestrator.TestSpinnerIntegration" name="test_chat_uses_spinner[False]" time="0.064" /><testcase classname="tests.unit.test_thanos_orchestrator.TestSpinnerIntegration" name="test_run_command_spinner_fail_on_error" time="0.013" /><testcase classname="tests.unit.test_thanos_orchestrator.TestSpinnerIntegration" name="test_chat_spinner_fail_on_error" time="0.015" /><testcase classname="tests.unit.test_thanos_orchestrator.TestSpinnerIntegration" name="test_spinner_non_tty_safe" time="0.001" /><testcase classname="tests.unit.test_thanos_orchestrator.TestIntensiveNLP" name="test_ambiguous_hard_query" time="0.008" /><testcase classname="tests.unit.test_thanos_orchestrator.TestIntensiveNLP" name="test_multi_intent_query" time="0.007" /><testcase classname="tests.unit.test_thanos_orchestrator.TestIntensiveNLP" name="test_context_dependent_fatigue" time="0.009" /><testcase classname="tests.unit.test_thanos_orchestrator.TestIntensiveNLP" name="test_complex_business_query" time="0.007" /></testsuite></testsuites>